=== RUN   TestGardenerSuite
Running Suite: Shoot Test Suite - /Users/I778789/Repos/gardener/test/testmachinery/suites/shoot
===============================================================================================
Random Seed: 1791375564

Will run 1 of 21 specs
SSSSSSSSSSS
------------------------------
Seed logging testing  [BETA] [SERIAL] [SHOOT] should get container logs from vali for all namespaces
/Users/I778789/Repos/gardener/test/framework/gingko_utils.go:16
  STEP: Create the garden namespace @ 10/07/26 15:19:27.684
  STEP: Deploy the seed vali instance @ 10/07/26 15:19:27.981
  STEP: Deploy the shoot vali instance @ 10/07/26 15:19:28.258
  STEP: Wait until seed vali instance is ready @ 10/07/26 15:19:28.633
  {"level":"info","ts":"2026-10-07T15:19:28.709+0300","logger":"test","msg":"Waiting for StatefulSet to be ready","statefulSet":{"name":"vali","namespace":"garden"}}
